| bad.tsx:12:24:12:28 | token | A session token from $@ reaches the client here. | bad.tsx:11:17:11:36 | store.get("session") | store.get("session") |
| bad.tsx:18:24:18:42 | session.accessToken | A session token from $@ reaches the client here. | bad.tsx:18:24:18:42 | session.accessToken | session.accessToken |
| bad.tsx:24:40:24:43 | auth | A session token from $@ reaches the client here. | bad.tsx:23:16:23:45 | headers ... ation") | headers ... ation") |
| bad.tsx:30:21:30:32 | sessionToken | A session token from $@ reaches the client here. | bad.tsx:29:24:29:34 | req.cookies | req.cookies |
